2025-11-23 22:58:02,799 - src.runner - INFO - ==================================================
2025-11-23 22:58:02,799 - src.runner - INFO - Starting Finance Tracker Pipeline
2025-11-23 22:58:02,799 - src.runner - INFO - ==================================================
2025-11-23 22:58:02,800 - src.ingestion - INFO - Loading transactions from outputs\api-runs\12e30b23-d2e8-4c90-b0ed-6991da8ef8d1\input.csv
2025-11-23 22:58:02,864 - src.ingestion - INFO - Ingested 612 valid transactions
2025-11-23 22:58:02,887 - src.ml_engine - INFO - Fitting KMeans with n_clusters=5 on 612 samples
2025-11-23 22:58:09,115 - src.ml_engine - INFO - Fitting IsolationForest on 612 samples
2025-11-23 22:58:09,311 - src.visualization - INFO - Generating all plots in directory: outputs\api-runs\12e30b23-d2e8-4c90-b0ed-6991da8ef8d1
2025-11-23 22:58:09,312 - src.visualization - INFO - Generating category spending chart
2025-11-23 22:58:09,522 - src.visualization - INFO - Saved figure to: outputs\api-runs\12e30b23-d2e8-4c90-b0ed-6991da8ef8d1\category_spending.png
2025-11-23 22:58:09,523 - src.visualization - INFO - Generating time series chart
2025-11-23 22:58:09,530 - matplotlib.category - INFO - Using categorical units to plot a list of strings that are all parsable as floats or dates. If these strings should be plotted as numbers, cast to the appropriate data type before plotting.
2025-11-23 22:58:09,531 - matplotlib.category - INFO - Using categorical units to plot a list of strings that are all parsable as floats or dates. If these strings should be plotted as numbers, cast to the appropriate data type before plotting.
2025-11-23 22:58:09,533 - matplotlib.category - INFO - Using categorical units to plot a list of strings that are all parsable as floats or dates. If these strings should be plotted as numbers, cast to the appropriate data type before plotting.
2025-11-23 22:58:09,534 - matplotlib.category - INFO - Using categorical units to plot a list of strings that are all parsable as floats or dates. If these strings should be plotted as numbers, cast to the appropriate data type before plotting.
2025-11-23 22:58:09,661 - src.visualization - INFO - Saved figure to: outputs\api-runs\12e30b23-d2e8-4c90-b0ed-6991da8ef8d1\spending_trends.png
2025-11-23 22:58:09,661 - src.visualization - INFO - Generating anomaly visualization
2025-11-23 22:58:09,819 - src.visualization - INFO - Saved figure to: outputs\api-runs\12e30b23-d2e8-4c90-b0ed-6991da8ef8d1\anomaly_detection.png
2025-11-23 22:58:09,820 - src.visualization - INFO - Generating cluster distribution chart
2025-11-23 22:58:09,830 - matplotlib.category - INFO - Using categorical units to plot a list of strings that are all parsable as floats or dates. If these strings should be plotted as numbers, cast to the appropriate data type before plotting.
2025-11-23 22:58:09,836 - matplotlib.category - INFO - Using categorical units to plot a list of strings that are all parsable as floats or dates. If these strings should be plotted as numbers, cast to the appropriate data type before plotting.
2025-11-23 22:58:09,957 - src.visualization - INFO - Saved figure to: outputs\api-runs\12e30b23-d2e8-4c90-b0ed-6991da8ef8d1\cluster_distribution.png
2025-11-23 22:58:09,957 - src.visualization - INFO - Generated 4 visualization(s)
2025-11-23 22:58:10,121 - src.visualization - INFO - Saved heatmap to: outputs\api-runs\12e30b23-d2e8-4c90-b0ed-6991da8ef8d1\correlation_heatmap.png
2025-11-23 22:58:10,264 - src.visualization - INFO - Saved radar chart to: outputs\api-runs\12e30b23-d2e8-4c90-b0ed-6991da8ef8d1\cluster_radar.png
2025-11-23 22:58:10,383 - src.visualization - INFO - Saved waterfall chart to: outputs\api-runs\12e30b23-d2e8-4c90-b0ed-6991da8ef8d1\cashflow_waterfall.png
2025-11-23 22:58:10,513 - src.visualization - INFO - Saved forecast chart to: outputs\api-runs\12e30b23-d2e8-4c90-b0ed-6991da8ef8d1\cashflow_forecast.png
2025-11-23 22:58:10,514 - src.visualization - INFO - Generated 4 advanced visualization(s)
2025-11-23 22:58:10,522 - src.runner - INFO - Pipeline completed successfully
